// Jest Snapshot v1, https://goo.gl/fbAQLP

exports[`MemoryGrid 1`] = `
<div
  className="memory-game--memory-grid"
/>
`;
