// Jest Snapshot v1, https://goo.gl/fbAQLP

exports[`<MemoryGrid> should render a container with children: MemoryGrid 1`] = `
<div
  className="memory-game--memory-grid"
/>
`;
